Archive member included to satisfy reference by file (symbol)

/Users/pap/Library/xPacks/@xpack-dev-tools/arm-none-eabi-gcc/15.2.1-1.1.1/.content/bin/../lib/gcc/arm-none-eabi/15.2.1/../../../../arm-none-eabi/lib/thumb/v7-m/nofp/libg_nano.a(libc_a-atexit.o)
                              /Users/pap/Library/xPacks/@xpack-dev-tools/arm-none-eabi-gcc/15.2.1-1.1.1/.content/bin/../lib/gcc/arm-none-eabi/15.2.1/../../../../arm-none-eabi/lib/thumb/v7-m/nofp/crt0.o (atexit)
/Users/pap/Library/xPacks/@xpack-dev-tools/arm-none-eabi-gcc/15.2.1-1.1.1/.content/bin/../lib/gcc/arm-none-eabi/15.2.1/../../../../arm-none-eabi/lib/thumb/v7-m/nofp/libg_nano.a(libc_a-exit.o)
                              /Users/pap/Library/xPacks/@xpack-dev-tools/arm-none-eabi-gcc/15.2.1-1.1.1/.content/bin/../lib/gcc/arm-none-eabi/15.2.1/../../../../arm-none-eabi/lib/thumb/v7-m/nofp/crt0.o (exit)
/Users/pap/Library/xPacks/@xpack-dev-tools/arm-none-eabi-gcc/15.2.1-1.1.1/.content/bin/../lib/gcc/arm-none-eabi/15.2.1/../../../../arm-none-eabi/lib/thumb/v7-m/nofp/libg_nano.a(libc_a-snprintf.o)
                              CMakeFiles/416.dir/Core/Src/uart_debug.c.obj (snprintf)
/Users/pap/Library/xPacks/@xpack-dev-tools/arm-none-eabi-gcc/15.2.1-1.1.1/.content/bin/../lib/gcc/arm-none-eabi/15.2.1/../../../../arm-none-eabi/lib/thumb/v7-m/nofp/libg_nano.a(libc_a-findfp.o)
                              /Users/pap/Library/xPacks/@xpack-dev-tools/arm-none-eabi-gcc/15.2.1-1.1.1/.content/bin/../lib/gcc/arm-none-eabi/15.2.1/../../../../arm-none-eabi/lib/thumb/v7-m/nofp/libg_nano.a(libc_a-exit.o) (__stdio_exit_handler)
/Users/pap/Library/xPacks/@xpack-dev-tools/arm-none-eabi-gcc/15.2.1-1.1.1/.content/bin/../lib/gcc/arm-none-eabi/15.2.1/../../../../arm-none-eabi/lib/thumb/v7-m/nofp/libg_nano.a(libc_a-fwalk.o)
                              /Users/pap/Library/xPacks/@xpack-dev-tools/arm-none-eabi-gcc/15.2.1-1.1.1/.content/bin/../lib/gcc/arm-none-eabi/15.2.1/../../../../arm-none-eabi/lib/thumb/v7-m/nofp/libg_nano.a(libc_a-findfp.o) (_fwalk_sglue)
/Users/pap/Library/xPacks/@xpack-dev-tools/arm-none-eabi-gcc/15.2.1-1.1.1/.content/bin/../lib/gcc/arm-none-eabi/15.2.1/../../../../arm-none-eabi/lib/thumb/v7-m/nofp/libg_nano.a(libc_a-memset.o)
                              /Users/pap/Library/xPacks/@xpack-dev-tools/arm-none-eabi-gcc/15.2.1-1.1.1/.content/bin/../lib/gcc/arm-none-eabi/15.2.1/../../../../arm-none-eabi/lib/thumb/v7-m/nofp/crt0.o (memset)
/Users/pap/Library/xPacks/@xpack-dev-tools/arm-none-eabi-gcc/15.2.1-1.1.1/.content/bin/../lib/gcc/arm-none-eabi/15.2.1/../../../../arm-none-eabi/lib/thumb/v7-m/nofp/libg_nano.a(libc_a-errno.o)
                              CMakeFiles/416.dir/Core/Src/sysmem.c.obj (__errno)
/Users/pap/Library/xPacks/@xpack-dev-tools/arm-none-eabi-gcc/15.2.1-1.1.1/.content/bin/../lib/gcc/arm-none-eabi/15.2.1/../../../../arm-none-eabi/lib/thumb/v7-m/nofp/libg_nano.a(libc_a-init.o)
                              /Users/pap/Library/xPacks/@xpack-dev-tools/arm-none-eabi-gcc/15.2.1-1.1.1/.content/bin/../lib/gcc/arm-none-eabi/15.2.1/../../../../arm-none-eabi/lib/thumb/v7-m/nofp/crt0.o (__libc_init_array)
/Users/pap/Library/xPacks/@xpack-dev-tools/arm-none-eabi-gcc/15.2.1-1.1.1/.content/bin/../lib/gcc/arm-none-eabi/15.2.1/../../../../arm-none-eabi/lib/thumb/v7-m/nofp/libg_nano.a(libc_a-fini.o)
                              /Users/pap/Library/xPacks/@xpack-dev-tools/arm-none-eabi-gcc/15.2.1-1.1.1/.content/bin/../lib/gcc/arm-none-eabi/15.2.1/../../../../arm-none-eabi/lib/thumb/v7-m/nofp/crt0.o (__libc_fini_array)
/Users/pap/Library/xPacks/@xpack-dev-tools/arm-none-eabi-gcc/15.2.1-1.1.1/.content/bin/../lib/gcc/arm-none-eabi/15.2.1/../../../../arm-none-eabi/lib/thumb/v7-m/nofp/libg_nano.a(libc_a-lock.o)
                              /Users/pap/Library/xPacks/@xpack-dev-tools/arm-none-eabi-gcc/15.2.1-1.1.1/.content/bin/../lib/gcc/arm-none-eabi/15.2.1/../../../../arm-none-eabi/lib/thumb/v7-m/nofp/libg_nano.a(libc_a-findfp.o) (__retarget_lock_init_recursive)
/Users/pap/Library/xPacks/@xpack-dev-tools/arm-none-eabi-gcc/15.2.1-1.1.1/.content/bin/../lib/gcc/arm-none-eabi/15.2.1/../../../../arm-none-eabi/lib/thumb/v7-m/nofp/libg_nano.a(libc_a-impure.o)
                              /Users/pap/Library/xPacks/@xpack-dev-tools/arm-none-eabi-gcc/15.2.1-1.1.1/.content/bin/../lib/gcc/arm-none-eabi/15.2.1/../../../../arm-none-eabi/lib/thumb/v7-m/nofp/libg_nano.a(libc_a-snprintf.o) (_impure_ptr)
/Users/pap/Library/xPacks/@xpack-dev-tools/arm-none-eabi-gcc/15.2.1-1.1.1/.content/bin/../lib/gcc/arm-none-eabi/15.2.1/../../../../arm-none-eabi/lib/thumb/v7-m/nofp/libg_nano.a(libc_a-__atexit.o)
                              /Users/pap/Library/xPacks/@xpack-dev-tools/arm-none-eabi-gcc/15.2.1-1.1.1/.content/bin/../lib/gcc/arm-none-eabi/15.2.1/../../../../arm-none-eabi/lib/thumb/v7-m/nofp/libg_nano.a(libc_a-atexit.o) (__register_exitproc)
[...]
Memory Configuration

Name             Origin             Length             Attributes
RAM              0x20000000         0x00002800         xrw
FLASH            0x08000000         0x00008000         xr
*default*        0x00000000         0xffffffff

Linker script and memory map

LOAD /Users/pap/Library/xPacks/@xpack-dev-tools/arm-none-eabi-gcc/15.2.1-1.1.1/.content/bin/../lib/gcc/arm-none-eabi/15.2.1/thumb/v7-m/nofp/crti.o
LOAD /Users/pap/Library/xPacks/@xpack-dev-tools/arm-none-eabi-gcc/15.2.1-1.1.1/.content/bin/../lib/gcc/arm-none-eabi/15.2.1/thumb/v7-m/nofp/crtbegin.o
LOAD /Users/pap/Library/xPacks/@xpack-dev-tools/arm-none-eabi-gcc/15.2.1-1.1.1/.content/bin/../lib/gcc/arm-none-eabi/15.2.1/../../../../arm-none-eabi/lib/thumb/v7-m/nofp/crt0.o
LOAD cmake/stm32cubemx/CMakeFiles/STM32_Drivers.dir/__/__/Core/Src/system_stm32f1xx.c.obj
LOAD cmake/stm32cubemx/CMakeFiles/STM32_Drivers.dir/__/__/Drivers/STM32F1xx_HAL_Driver/Src/stm32f1xx_hal_gpio_ex.c.obj
LOAD cmake/stm32cubemx/CMakeFiles/STM32_Drivers.dir/__/__/Drivers/STM32F1xx_HAL_Driver/Src/stm32f1xx_hal_adc.c.obj
LOAD cmake/stm32cubemx/CMakeFiles/STM32_Drivers.dir/__/__/Drivers/STM32F1xx_HAL_Driver/Src/stm32f1xx_hal_adc_ex.c.obj
LOAD cmake/stm32cubemx/CMakeFiles/STM32_Drivers.dir/__/__/Drivers/STM32F1xx_HAL_Driver/Src/stm32f1xx_hal.c.obj
LOAD cmake/stm32cubemx/CMakeFiles/STM32_Drivers.dir/__/__/Drivers/STM32F1xx_HAL_Driver/Src/stm32f1xx_hal_rcc.c.obj
LOAD cmake/stm32cubemx/CMakeFiles/STM32_Drivers.dir/__/__/Drivers/STM32F1xx_HAL_Driver/Src/stm32f1xx_hal_rcc_ex.c.obj
LOAD cmake/stm32cubemx/CMakeFiles/STM32_Drivers.dir/__/__/Drivers/STM32F1xx_HAL_Driver/Src/stm32f1xx_hal_gpio.c.obj
LOAD cmake/stm32cubemx/CMakeFiles/STM32_Drivers.dir/__/__/Drivers/STM32F1xx_HAL_Driver/Src/stm32f1xx_hal_dma.c.obj
LOAD cmake/stm32cubemx/CMakeFiles/STM32_Drivers.dir/__/__/Drivers/STM32F1xx_HAL_Driver/Src/stm32f1xx_hal_cortex.c.obj
LOAD cmake/stm32cubemx/CMakeFiles/STM32_Drivers.dir/__/__/Drivers/STM32F1xx_HAL_Driver/Src/stm32f1xx_hal_pwr.c.obj
LOAD cmake/stm32cubemx/CMakeFiles/STM32_Drivers.dir/__/__/Drivers/STM32F1xx_HAL_Driver/Src/stm32f1xx_hal_flash.c.obj
LOAD cmake/stm32cubemx/CMakeFiles/STM32_Drivers.dir/__/__/Drivers/STM32F1xx_HAL_Driver/Src/stm32f1xx_hal_flash_ex.c.obj
LOAD cmake/stm32cubemx/CMakeFiles/STM32_Drivers.dir/__/__/Drivers/STM32F1xx_HAL_Driver/Src/stm32f1xx_hal_exti.c.obj
LOAD cmake/stm32cubemx/CMakeFiles/STM32_Drivers.dir/__/__/Drivers/STM32F1xx_HAL_Driver/Src/stm32f1xx_hal_tim.c.obj
LOAD cmake/stm32cubemx/CMakeFiles/STM32_Drivers.dir/__/__/Drivers/STM32F1xx_HAL_Driver/Src/stm32f1xx_hal_tim_ex.c.obj
LOAD cmake/stm32cubemx/CMakeFiles/STM32_Drivers.dir/__/__/Drivers/STM32F1xx_HAL_Driver/Src/stm32f1xx_hal_uart.c.obj
LOAD CMakeFiles/416.dir/Core/Src/main.c.obj
LOAD CMakeFiles/416.dir/Core/Src/gpio.c.obj
LOAD CMakeFiles/416.dir/Core/Src/adc.c.obj
LOAD CMakeFiles/416.dir/Core/Src/tim.c.obj
LOAD CMakeFiles/416.dir/Core/Src/usart.c.obj
LOAD CMakeFiles/416.dir/Core/Src/stm32f1xx_it.c.obj
LOAD CMakeFiles/416.dir/Core/Src/stm32f1xx_hal_msp.c.obj
LOAD CMakeFiles/416.dir/Core/Src/sysmem.c.obj
LOAD CMakeFiles/416.dir/Core/Src/syscalls.c.obj
LOAD CMakeFiles/416.dir/startup_stm32f103x6.s.obj
LOAD CMakeFiles/416.dir/Core/Src/app.c.obj
LOAD CMakeFiles/416.dir/Core/Src/button.c.obj
LOAD CMakeFiles/416.dir/Core/Src/motor.c.obj
LOAD CMakeFiles/416.dir/Core/Src/uart_debug.c.obj
LOAD /Users/pap/Library/xPacks/@xpack-dev-tools/arm-none-eabi-gcc/15.2.1-1.1.1/.content/bin/../lib/gcc/arm-none-eabi/15.2.1/../../../../arm-none-eabi/lib/thumb/v7-m/nofp/libm.a
START GROUP
LOAD /Users/pap/Library/xPacks/@xpack-dev-tools/arm-none-eabi-gcc/15.2.1-1.1.1/.content/bin/../lib/gcc/arm-none-eabi/15.2.1/thumb/v7-m/nofp/libgcc.a
LOAD /Users/pap/Library/xPacks/@xpack-dev-tools/arm-none-eabi-gcc/15.2.1-1.1.1/.content/bin/../lib/gcc/arm-none-eabi/15.2.1/../../../../arm-none-eabi/lib/thumb/v7-m/nofp/libg_nano.a
LOAD /Users/pap/Library/xPacks/@xpack-dev-tools/arm-none-eabi-gcc/15.2.1-1.1.1/.content/bin/../lib/gcc/arm-none-eabi/15.2.1/../../../../arm-none-eabi/lib/thumb/v7-m/nofp/libc_nano.a
END GROUP
START GROUP
LOAD /Users/pap/Library/xPacks/@xpack-dev-tools/arm-none-eabi-gcc/15.2.1-1.1.1/.content/bin/../lib/gcc/arm-none-eabi/15.2.1/thumb/v7-m/nofp/libgcc.a
LOAD /Users/pap/Library/xPacks/@xpack-dev-tools/arm-none-eabi-gcc/15.2.1-1.1.1/.content/bin/../lib/gcc/arm-none-eabi/15.2.1/../../../../arm-none-eabi/lib/thumb/v7-m/nofp/libc_nano.a
END GROUP
LOAD /Users/pap/Library/xPacks/@xpack-dev-tools/arm-none-eabi-gcc/15.2.1-1.1.1/.content/bin/../lib/gcc/arm-none-eabi/15.2.1/thumb/v7-m/nofp/crtend.o
LOAD /Users/pap/Library/xPacks/@xpack-dev-tools/arm-none-eabi-gcc/15.2.1-1.1.1/.content/bin/../lib/gcc/arm-none-eabi/15.2.1/thumb/v7-m/nofp/crtn.o
                0x20002800                        _estack = (ORIGIN (RAM) + LENGTH (RAM))
                0x00000200                        _Min_Heap_Size = 0x200
                0x00000400                        _Min_Stack_Size = 0x400

.isr_vector     0x08000000      0x10c
                0x08000000                        . = ALIGN (0x4)
 *(.isr_vector)
 .isr_vector    0x08000000      0x10c CMakeFiles/416.dir/startup_stm32f103x6.s.obj
                0x08000000                g_pfnVectors
                0x0800010c                        . = ALIGN (0x4)

.text           0x0800010c     0x2e68
                0x0800010c                        . = ALIGN (0x4)
 *(.text)
 *(.text*)
 .text.__do_global_dtors_aux
                0x0800010c       0x28 /Users/pap/Library/xPacks/@xpack-dev-tools/arm-none-eabi-gcc/15.2.1-1.1.1/.content/bin/../lib/gcc/arm-none-eabi/15.2.1/thumb/v7-m/nofp/crtbegin.o
 .text.frame_dummy
                0x08000134       0x1c /Users/pap/Library/xPacks/@xpack-dev-tools/arm-none-eabi-gcc/15.2.1-1.1.1/.content/bin/../lib/gcc/arm-none-eabi/15.2.1/thumb/v7-m/nofp/crtbegin.o
 .text.SystemInit
                0x08000150        0x2 cmake/stm32cubemx/CMakeFiles/STM32_Drivers.dir/__/__/Core/Src/system_stm32f1xx.c.obj
                0x08000150                SystemInit
 *fill*         0x08000152        0x2 
 .text.HAL_ADC_PollForConversion
                0x08000154      0x148 cmake/stm32cubemx/CMakeFiles/STM32_Drivers.dir/__/__/Drivers/STM32F1xx_HAL_Driver/Src/stm32f1xx_hal_adc.c.obj
                0x08000154                HAL_ADC_PollForConversion
 .text.HAL_ADC_GetValue
                0x0800029c        0x6 cmake/stm32cubemx/CMakeFiles/STM32_Drivers.dir/__/__/Drivers/STM32F1xx_HAL_Driver/Src/stm32f1xx_hal_adc.c.obj
                0x0800029c                HAL_ADC_GetValue
 *fill*         0x080002a2        0x2 
 .text.HAL_ADC_ConfigChannel
                0x080002a4      0x10c cmake/stm32cubemx/CMakeFiles/STM32_Drivers.dir/__/__/Drivers/STM32F1xx_HAL_Driver/Src/stm32f1xx_hal_adc.c.obj
                0x080002a4                HAL_ADC_ConfigChannel
 .text.ADC_Enable
                0x080003b0       0x78 cmake/stm32cubemx/CMakeFiles/STM32_Drivers.dir/__/__/Drivers/STM32F1xx_HAL_Driver/Src/stm32f1xx_hal_adc.c.obj
                0x080003b0                ADC_Enable
 .text.HAL_ADC_Start
                0x08000428       0xc4 cmake/stm32cubemx/CMakeFiles/STM32_Drivers.dir/__/__/Drivers/STM32F1xx_HAL_Driver/Src/stm32f1xx_hal_adc.c.obj
                0x08000428                HAL_ADC_Start
 .text.ADC_ConversionStop_Disable
                0x080004ec       0x4c cmake/stm32cubemx/CMakeFiles/STM32_Drivers.dir/__/__/Drivers/STM32F1xx_HAL_Driver/Src/stm32f1xx_hal_adc.c.obj
                0x080004ec                ADC_ConversionStop_Disable
 .text.HAL_ADC_Init
                0x08000538       0xfc cmake/stm32cubemx/CMakeFiles/STM32_Drivers.dir/__/__/Drivers/STM32F1xx_HAL_Driver/Src/stm32f1xx_hal_adc.c.obj
                0x08000538                HAL_ADC_Init
 .text.HAL_ADCEx_Calibration_Start
                0x08000634       0xe0 cmake/stm32cubemx/CMakeFiles/STM32_Drivers.dir/__/__/Drivers/STM32F1xx_HAL_Driver/Src/stm32f1xx_hal_adc_ex.c.obj
                0x08000634                HAL_ADCEx_Calibration_Start
 .text.HAL_InitTick
                0x08000714       0x48 cmake/stm32cubemx/CMakeFiles/STM32_Drivers.dir/__/__/Drivers/STM32F1xx_HAL_Driver/Src/stm32f1xx_hal.c.obj
                0x08000714                HAL_InitTick
 .text.HAL_Init
                0x0800075c       0x24 cmake/stm32cubemx/CMakeFiles/STM32_Drivers.dir/__/__/Drivers/STM32F1xx_HAL_Driver/Src/stm32f1xx_hal.c.obj
                0x0800075c                HAL_Init
 .text.HAL_IncTick
                0x08000780       0x18 cmake/stm32cubemx/CMakeFiles/STM32_Drivers.dir/__/__/Drivers/STM32F1xx_HAL_Driver/Src/stm32f1xx_hal.c.obj
                0x08000780                HAL_IncTick
 .text.HAL_GetTick
                0x08000798        0xc cmake/stm32cubemx/CMakeFiles/STM32_Drivers.dir/__/__/Drivers/STM32F1xx_HAL_Driver/Src/stm32f1xx_hal.c.obj
                0x08000798                HAL_GetTick
 .text.HAL_RCC_OscConfig
                0x080007a4      0x33c cmake/stm32cubemx/CMakeFiles/STM32_Drivers.dir/__/__/Drivers/STM32F1xx_HAL_Driver/Src/stm32f1xx_hal_rcc.c.obj
                0x080007a4                HAL_RCC_OscConfig
 .text.HAL_RCC_GetSysClockFreq
                0x08000ae0       0x4c cmake/stm32cubemx/CMakeFiles/STM32_Drivers.dir/__/__/Drivers/STM32F1xx_HAL_Driver/Src/stm32f1xx_hal_rcc.c.obj
                0x08000ae0                HAL_RCC_GetSysClockFreq
 .text.HAL_RCC_ClockConfig
                0x08000b2c      0x138 cmake/stm32cubemx/CMakeFiles/STM32_Drivers.dir/__/__/Drivers/STM32F1xx_HAL_Driver/Src/stm32f1xx_hal_rcc.c.obj
                0x08000b2c                HAL_RCC_ClockConfig
 .text.HAL_RCC_GetPCLK1Freq
                0x08000c64       0x20 cmake/stm32cubemx/CMakeFiles/STM32_Drivers.dir/__/__/Drivers/STM32F1xx_HAL_Driver/Src/stm32f1xx_hal_rcc.c.obj
                0x08000c64                HAL_RCC_GetPCLK1Freq
 .text.HAL_RCC_GetPCLK2Freq
                0x08000c84       0x20 cmake/stm32cubemx/CMakeFiles/STM32_Drivers.dir/__/__/Drivers/STM32F1xx_HAL_Driver/Src/stm32f1xx_hal_rcc.c.obj
                0x08000c84                HAL_RCC_GetPCLK2Freq
 .text.HAL_RCCEx_PeriphCLKConfig
                0x08000ca4       0xf4 cmake/stm32cubemx/CMakeFiles/STM32_Drivers.dir/__/__/Drivers/STM32F1xx_HAL_Driver/Src/stm32f1xx_hal_rcc_ex.c.obj
                0x08000ca4                HAL_RCCEx_PeriphCLKConfig
 .text.HAL_RCCEx_GetPeriphCLKFreq
                0x08000d98       0xb8 cmake/stm32cubemx/CMakeFiles/STM32_Drivers.dir/__/__/Drivers/STM32F1xx_HAL_Driver/Src/stm32f1xx_hal_rcc_ex.c.obj
                0x08000d98                HAL_RCCEx_GetPeriphCLKFreq
 .text.HAL_GPIO_Init
                0x08000e50      0x1a0 cmake/stm32cubemx/CMakeFiles/STM32_Drivers.dir/__/__/Drivers/STM32F1xx_HAL_Driver/Src/stm32f1xx_hal_gpio.c.obj
                0x08000e50                HAL_GPIO_Init
 .text.HAL_GPIO_ReadPin
                0x08000ff0        0xc cmake/stm32cubemx/CMakeFiles/STM32_Drivers.dir/__/__/Drivers/STM32F1xx_HAL_Driver/Src/stm32f1xx_hal_gpio.c.obj
                0x08000ff0                HAL_GPIO_ReadPin
 .text.HAL_GPIO_WritePin
                0x08000ffc        0xa cmake/stm32cubemx/CMakeFiles/STM32_Drivers.dir/__/__/Drivers/STM32F1xx_HAL_Driver/Src/stm32f1xx_hal_gpio.c.obj
                0x08000ffc                HAL_GPIO_WritePin
 .text.HAL_DMA_Abort
                0x08001006       0x3e cmake/stm32cubemx/CMakeFiles/STM32_Drivers.dir/__/__/Drivers/STM32F1xx_HAL_Driver/Src/stm32f1xx_hal_dma.c.obj
                0x08001006                HAL_DMA_Abort
 .text.HAL_DMA_Abort_IT
                0x08001044       0x8c cmake/stm32cubemx/CMakeFiles/STM32_Drivers.dir/__/__/Drivers/STM32F1xx_HAL_Driver/Src/stm32f1xx_hal_dma.c.obj
                0x08001044                HAL_DMA_Abort_IT
 .text.HAL_NVIC_SetPriorityGrouping
                0x080010d0       0x24 cmake/stm32cubemx/CMakeFiles/STM32_Drivers.dir/__/__/Drivers/STM32F1xx_HAL_Driver/Src/stm32f1xx_hal_cortex.c.obj
                0x080010d0                HAL_NVIC_SetPriorityGrouping
 .text.HAL_NVIC_SetPriority
                0x080010f4       0x5c cmake/stm32cubemx/CMakeFiles/STM32_Drivers.dir/__/__/Drivers/STM32F1xx_HAL_Driver/Src/stm32f1xx_hal_cortex.c.obj
                0x080010f4                HAL_NVIC_SetPriority
 .text.HAL_NVIC_EnableIRQ
                0x08001150       0x1c cmake/stm32cubemx/CMakeFiles/STM32_Drivers.dir/__/__/Drivers/STM32F1xx_HAL_Driver/Src/stm32f1xx_hal_cortex.c.obj
                0x08001150                HAL_NVIC_EnableIRQ
 .text.HAL_SYSTICK_Config
                0x0800116c       0x28 cmake/stm32cubemx/CMakeFiles/STM32_Drivers.dir/__/__/Drivers/STM32F1xx_HAL_Driver/Src/stm32f1xx_hal_cortex.c.obj
                0x0800116c                HAL_SYSTICK_Config
 .text.TIM_OC1_SetConfig
                0x08001194       0x50 cmake/stm32cubemx/CMakeFiles/STM32_Drivers.dir/__/__/Drivers/STM32F1xx_HAL_Driver/Src/stm32f1xx_hal_tim.c.obj
 .text.TIM_OC3_SetConfig
                0x080011e4       0x54 cmake/stm32cubemx/CMakeFiles/STM32_Drivers.dir/__/__/Drivers/STM32F1xx_HAL_Driver/Src/stm32f1xx_hal_tim.c.obj
 .text.TIM_OC4_SetConfig
                0x08001238       0x44 cmake/stm32cubemx/CMakeFiles/STM32_Drivers.dir/__/__/Drivers/STM32F1xx_HAL_Driver/Src/stm32f1xx_hal_tim.c.obj
 .text.HAL_TIM_PWM_MspInit
                0x0800127c        0x2 cmake/stm32cubemx/CMakeFiles/STM32_Drivers.dir/__/__/Drivers/STM32F1xx_HAL_Driver/Src/stm32f1xx_hal_tim.c.obj
                0x0800127c                HAL_TIM_PWM_MspInit
 .text.HAL_TIM_PeriodElapsedCallback
                0x0800127e        0x2 cmake/stm32cubemx/CMakeFiles/STM32_Drivers.dir/__/__/Drivers/STM32F1xx_HAL_Driver/Src/stm32f1xx_hal_tim.c.obj
                0x0800127e                HAL_TIM_PeriodElapsedCallback
 .text.HAL_TIM_OC_DelayElapsedCallback
                0x08001280        0x2 cmake/stm32cubemx/CMakeFiles/STM32_Drivers.dir/__/__/Drivers/STM32F1xx_HAL_Driver/Src/stm32f1xx_hal_tim.c.obj
                0x08001280                HAL_TIM_OC_DelayElapsedCallback
 .text.HAL_TIM_IC_CaptureCallback
                0x08001282        0x2 cmake/stm32cubemx/CMakeFiles/STM32_Drivers.dir/__/__/Drivers/STM32F1xx_HAL_Driver/Src/stm32f1xx_hal_tim.c.obj
                0x08001282                HAL_TIM_IC_CaptureCallback
 .text.HAL_TIM_PWM_PulseFinishedCallback
                0x08001284        0x2 cmake/stm32cubemx/CMakeFiles/STM32_Drivers.dir/__/__/Drivers/STM32F1xx_HAL_Driver/Src/stm32f1xx_hal_tim.c.obj
                0x08001284                HAL_TIM_PWM_PulseFinishedCallback
 .text.HAL_TIM_TriggerCallback
                0x08001286        0x2 cmake/stm32cubemx/CMakeFiles/STM32_Drivers.dir/__/__/Drivers/STM32F1xx_HAL_Driver/Src/stm32f1xx_hal_tim.c.obj
                0x08001286                HAL_TIM_TriggerCallback
 .text.HAL_TIM_IRQHandler
                0x08001288      0x128 cmake/stm32cubemx/CMakeFiles/STM32_Drivers.dir/__/__/Drivers/STM32F1xx_HAL_Driver/Src/stm32f1xx_hal_tim.c.obj
                0x08001288                HAL_TIM_IRQHandler
 .text.TIM_Base_SetConfig
                0x080013b0       0x70 cmake/stm32cubemx/CMakeFiles/STM32_Drivers.dir/__/__/Drivers/STM32F1xx_HAL_Driver/Src/stm32f1xx_hal_tim.c.obj
                0x080013b0                TIM_Base_SetConfig
 .text.HAL_TIM_Base_Init
                0x08001420       0x58 cmake/stm32cubemx/CMakeFiles/STM32_Drivers.dir/__/__/Drivers/STM32F1xx_HAL_Driver/Src/stm32f1xx_hal_tim.c.obj
                0x08001420                HAL_TIM_Base_Init
 .text.HAL_TIM_PWM_Init
                0x08001478       0x58 cmake/stm32cubemx/CMakeFiles/STM32_Drivers.dir/__/__/Drivers/STM32F1xx_HAL_Driver/Src/stm32f1xx_hal_tim.c.obj
                0x08001478                HAL_TIM_PWM_Init
 .text.TIM_OC2_SetConfig
                0x080014d0       0x58 cmake/stm32cubemx/CMakeFiles/STM32_Drivers.dir/__/__/Drivers/STM32F1xx_HAL_Driver/Src/stm32f1xx_hal_tim.c.obj
                0x080014d0                TIM_OC2_SetConfig
 .text.HAL_TIM_PWM_ConfigChannel
                0x08001528       0xac cmake/stm32cubemx/CMakeFiles/STM32_Drivers.dir/__/__/Drivers/STM32F1xx_HAL_Driver/Src/stm32f1xx_hal_tim.c.obj
                0x08001528                HAL_TIM_PWM_ConfigChannel
 .text.TIM_ETR_SetConfig
                0x080015d4       0x14 cmake/stm32cubemx/CMakeFiles/STM32_Drivers.dir/__/__/Drivers/STM32F1xx_HAL_Driver/Src/stm32f1xx_hal_tim.c.obj
                0x080015d4                TIM_ETR_SetConfig
 .text.HAL_TIM_ConfigClockSource
                0x080015e8      0x126 cmake/stm32cubemx/CMakeFiles/STM32_Drivers.dir/__/__/Drivers/STM32F1xx_HAL_Driver/Src/stm32f1xx_hal_tim.c.obj
                0x080015e8                HAL_TIM_ConfigClockSource
 .text.TIM_CCxChannelCmd
                0x0800170e       0x1c cmake/stm32cubemx/CMakeFiles/STM32_Drivers.dir/__/__/Drivers/STM32F1xx_HAL_Driver/Src/stm32f1xx_hal_tim.c.obj
                0x0800170e                TIM_CCxChannelCmd
 *fill*         0x0800172a        0x2 
 .text.HAL_TIM_OC_Start
                0x0800172c       0x90 cmake/stm32cubemx/CMakeFiles/STM32_Drivers.dir/__/__/Drivers/STM32F1xx_HAL_Driver/Src/stm32f1xx_hal_tim.c.obj
                0x0800172c                HAL_TIM_OC_Start
 .text.HAL_TIM_PWM_Start
                0x080017bc        0x4 cmake/stm32cubemx/CMakeFiles/STM32_Drivers.dir/__/__/Drivers/STM32F1xx_HAL_Driver/Src/stm32f1xx_hal_tim.c.obj
                0x080017bc                HAL_TIM_PWM_Start
 .text.HAL_TIMEx_MasterConfigSynchronization
                0x080017c0       0x54 cmake/stm32cubemx/CMakeFiles/STM32_Drivers.dir/__/__/Drivers/STM32F1xx_HAL_Driver/Src/stm32f1xx_hal_tim_ex.c.obj
                0x080017c0                HAL_TIMEx_MasterConfigSynchronization
 .text.HAL_TIMEx_CommutCallback
                0x08001814        0x2 cmake/stm32cubemx/CMakeFiles/STM32_Drivers.dir/__/__/Drivers/STM32F1xx_HAL_Driver/Src/stm32f1xx_hal_tim_ex.c.obj
                0x08001814                HAL_TIMEx_CommutCallback
 .text.HAL_TIMEx_BreakCallback
                0x08001816        0x2 cmake/stm32cubemx/CMakeFiles/STM32_Drivers.dir/__/__/Drivers/STM32F1xx_HAL_Driver/Src/stm32f1xx_hal_tim_ex.c.obj
                0x08001816                HAL_TIMEx_BreakCallback
 .text.UART_EndRxTransfer
                0x08001818       0x5c cmake/stm32cubemx/CMakeFiles/STM32_Drivers.dir/__/__/Drivers/STM32F1xx_HAL_Driver/Src/stm32f1xx_hal_uart.c.obj
 .text.UART_SetConfig
                0x08001874       0x74 cmake/stm32cubemx/CMakeFiles/STM32_Drivers.dir/__/__/Drivers/STM32F1xx_HAL_Driver/Src/stm32f1xx_hal_uart.c.obj
 .text.UART_WaitOnFlagUntilTimeout.constprop.0
                0x080018e8       0x64 cmake/stm32cubemx/CMakeFiles/STM32_Drivers.dir/__/__/Drivers/STM32F1xx_HAL_Driver/Src/stm32f1xx_hal_uart.c.obj
 .text.HAL_UART_Init
                0x0800194c       0x5e cmake/stm32cubemx/CMakeFiles/STM32_Drivers.dir/__/__/Drivers/STM32F1xx_HAL_Driver/Src/stm32f1xx_hal_uart.c.obj
                0x0800194c                HAL_UART_Init
 .text.HAL_UART_Transmit
                0x080019aa       0x9a cmake/stm32cubemx/CMakeFiles/STM32_Drivers.dir/__/__/Drivers/STM32F1xx_HAL_Driver/Src/stm32f1xx_hal_uart.c.obj
                0x080019aa                HAL_UART_Transmit
 .text.HAL_UART_TxCpltCallback
                0x08001a44        0x2 cmake/stm32cubemx/CMakeFiles/STM32_Drivers.dir/__/__/Drivers/STM32F1xx_HAL_Driver/Src/stm32f1xx_hal_uart.c.obj
                0x08001a44                HAL_UART_TxCpltCallback
 .text.HAL_UART_RxCpltCallback
                0x08001a46        0x2 cmake/stm32cubemx/CMakeFiles/STM32_Drivers.dir/__/__/Drivers/STM32F1xx_HAL_Driver/Src/stm32f1xx_hal_uart.c.obj
                0x08001a46                HAL_UART_RxCpltCallback
 .text.HAL_UART_ErrorCallback
                0x08001a48        0x2 cmake/stm32cubemx/CMakeFiles/STM32_Drivers.dir/__/__/Drivers/STM32F1xx_HAL_Driver/Src/stm32f1xx_hal_uart.c.obj
                0x08001a48                HAL_UART_ErrorCallback
 .text.UART_DMAAbortOnError
                0x08001a4a       0x10 cmake/stm32cubemx/CMakeFiles/STM32_Drivers.dir/__/__/Drivers/STM32F1xx_HAL_Driver/Src/stm32f1xx_hal_uart.c.obj
 .text.HAL_UARTEx_RxEventCallback
                0x08001a5a        0x2 cmake/stm32cubemx/CMakeFiles/STM32_Drivers.dir/__/__/Drivers/STM32F1xx_HAL_Driver/Src/stm32f1xx_hal_uart.c.obj
                0x08001a5a                HAL_UARTEx_RxEventCallback
 .text.UART_Receive_IT.isra.0
                0x08001a5c       0xb2 cmake/stm32cubemx/CMakeFiles/STM32_Drivers.dir/__/__/Drivers/STM32F1xx_HAL_Driver/Src/stm32f1xx_hal_uart.c.obj
 *fill*         0x08001b0e        0x2 
 .text.HAL_UART_IRQHandler
                0x08001b10      0x290 cmake/stm32cubemx/CMakeFiles/STM32_Drivers.dir/__/__/Drivers/STM32F1xx_HAL_Driver/Src/stm32f1xx_hal_uart.c.obj
                0x08001b10                HAL_UART_IRQHandler
 .text.SystemClock_Config
                0x08001da0       0x7a CMakeFiles/416.dir/Core/Src/main.c.obj
                0x08001da0                SystemClock_Config
 .text.startup.main
                0x08001e1a       0x24 CMakeFiles/416.dir/Core/Src/main.c.obj
                0x08001e1a                main
 .text.Error_Handler
                0x08001e3e        0x4 CMakeFiles/416.dir/Core/Src/main.c.obj
                0x08001e3e                Error_Handler
 *fill*         0x08001e42        0x2 
 .text.MX_GPIO_Init
                0x08001e44       0x90 CMakeFiles/416.dir/Core/Src/gpio.c.obj
                0x08001e44                MX_GPIO_Init
 .text.MX_ADC1_Init
                0x08001ed4       0x50 CMakeFiles/416.dir/Core/Src/adc.c.obj
                0x08001ed4                MX_ADC1_Init
 .text.HAL_ADC_MspInit
                0x08001f24       0x5c CMakeFiles/416.dir/Core/Src/adc.c.obj
                0x08001f24                HAL_ADC_MspInit
 .text.HAL_TIM_Base_MspInit
                0x08001f80       0x5c CMakeFiles/416.dir/Core/Src/tim.c.obj
                0x08001f80                HAL_TIM_Base_MspInit
 .text.HAL_TIM_MspPostInit
                0x08001fdc       0x4c CMakeFiles/416.dir/Core/Src/tim.c.obj
                0x08001fdc                HAL_TIM_MspPostInit
 .text.MX_TIM3_Init
                0x08002028       0xb4 CMakeFiles/416.dir/Core/Src/tim.c.obj
                0x08002028                MX_TIM3_Init
 .text.MX_USART1_UART_Init
                0x080020dc       0x38 CMakeFiles/416.dir/Core/Src/usart.c.obj
                0x080020dc                MX_USART1_UART_Init
 .text.HAL_UART_MspInit
                0x08002114       0x88 CMakeFiles/416.dir/Core/Src/usart.c.obj
                0x08002114                HAL_UART_MspInit
 .text.NMI_Handler
                0x0800219c        0x2 CMakeFiles/416.dir/Core/Src/stm32f1xx_it.c.obj
                0x0800219c                NMI_Handler
 .text.HardFault_Handler
                0x0800219e        0x2 CMakeFiles/416.dir/Core/Src/stm32f1xx_it.c.obj
                0x0800219e                HardFault_Handler
 .text.MemManage_Handler
                0x080021a0        0x2 CMakeFiles/416.dir/Core/Src/stm32f1xx_it.c.obj
                0x080021a0                MemManage_Handler
 .text.BusFault_Handler
                0x080021a2        0x2 CMakeFiles/416.dir/Core/Src/stm32f1xx_it.c.obj
                0x080021a2                BusFault_Handler
 .text.UsageFault_Handler
                0x080021a4        0x2 CMakeFiles/416.dir/Core/Src/stm32f1xx_it.c.obj
                0x080021a4                UsageFault_Handler
 .text.SVC_Handler
                0x080021a6        0x2 CMakeFiles/416.dir/Core/Src/stm32f1xx_it.c.obj
                0x080021a6                SVC_Handler
 .text.DebugMon_Handler
                0x080021a8        0x2 CMakeFiles/416.dir/Core/Src/stm32f1xx_it.c.obj
                0x080021a8                DebugMon_Handler
 .text.PendSV_Handler
                0x080021aa        0x2 CMakeFiles/416.dir/Core/Src/stm32f1xx_it.c.obj
                0x080021aa                PendSV_Handler
 .text.SysTick_Handler
                0x080021ac        0x4 CMakeFiles/416.dir/Core/Src/stm32f1xx_it.c.obj
                0x080021ac                SysTick_Handler
 .text.TIM2_IRQHandler
                0x080021b0        0xc CMakeFiles/416.dir/Core/Src/stm32f1xx_it.c.obj
                0x080021b0                TIM2_IRQHandler
 .text.USART1_IRQHandler
                0x080021bc        0xc CMakeFiles/416.dir/Core/Src/stm32f1xx_it.c.obj
                0x080021bc                USART1_IRQHandler
 .text.HAL_MspInit
                0x080021c8       0x44 CMakeFiles/416.dir/Core/Src/stm32f1xx_hal_msp.c.obj
                0x080021c8                HAL_MspInit
 .text._sbrk    0x0800220c       0x3c CMakeFiles/416.dir/Core/Src/sysmem.c.obj
                0x0800220c                _sbrk
 .text.Reset_Handler
                0x08002248       0x48 CMakeFiles/416.dir/startup_stm32f103x6.s.obj
                0x08002248                Reset_Handler
 .text.Default_Handler
                0x08002290        0x2 CMakeFiles/416.dir/startup_stm32f103x6.s.obj
                0x08002290                USBWakeUp_IRQHandler
                0x08002290                EXTI2_IRQHandler
                0x08002290                TIM1_CC_IRQHandler
                0x08002290                PVD_IRQHandler
                0x08002290                EXTI3_IRQHandler
                0x08002290                EXTI0_IRQHandler
                0x08002290                ADC1_2_IRQHandler
                0x08002290                SPI1_IRQHandler
                0x08002290                TAMPER_IRQHandler
                0x08002290                DMA1_Channel4_IRQHandler
                0x08002290                RTC_IRQHandler
                0x08002290                DMA1_Channel7_IRQHandler
                0x08002290                CAN1_RX1_IRQHandler
                0x08002290                I2C1_EV_IRQHandler
                0x08002290                DMA1_Channel6_IRQHandler
                0x08002290                TIM3_IRQHandler
                0x08002290                RCC_IRQHandler
                0x08002290                TIM1_TRG_COM_IRQHandler
                0x08002290                DMA1_Channel1_IRQHandler
                0x08002290                Default_Handler
                0x08002290                EXTI15_10_IRQHandler
                0x08002290                EXTI9_5_IRQHandler
                0x08002290                DMA1_Channel5_IRQHandler
                0x08002290                EXTI4_IRQHandler
                0x08002290                USB_LP_CAN1_RX0_IRQHandler
                0x08002290                USB_HP_CAN1_TX_IRQHandler
                0x08002290                DMA1_Channel3_IRQHandler
                0x08002290                TIM1_UP_IRQHandler
                0x08002290                WWDG_IRQHandler
                0x08002290                TIM1_BRK_IRQHandler
                0x08002290                EXTI1_IRQHandler
                0x08002290                USART2_IRQHandler
                0x08002290                DMA1_Channel2_IRQHandler
                0x08002290                CAN1_SCE_IRQHandler
                0x08002290                FLASH_IRQHandler
                0x08002290                I2C1_ER_IRQHandler
                0x08002290                RTC_Alarm_IRQHandler
 .text.app_init
                0x08002292        0xe CMakeFiles/416.dir/Core/Src/app.c.obj
                0x08002292                app_init
 .text.app_run  0x080022a0       0x3c CMakeFiles/416.dir/Core/Src/app.c.obj
                0x080022a0                app_run
 .text.button_init
                0x080022dc       0x30 CMakeFiles/416.dir/Core/Src/button.c.obj
                0x080022dc                button_init
 .text.button_task_step
                0x0800230c       0x44 CMakeFiles/416.dir/Core/Src/button.c.obj
                0x0800230c                button_task_step
 .text.button_consume_press
                0x08002350       0x1c CMakeFiles/416.dir/Core/Src/button.c.obj
                0x08002350                button_consume_press
 .text.motor_apply_pwm
                0x0800236c       0x24 CMakeFiles/416.dir/Core/Src/motor.c.obj
 .text.motor_step_toward
                0x08002390       0x2e CMakeFiles/416.dir/Core/Src/motor.c.obj
 *fill*         0x080023be        0x2 
 .text.motor_init
                0x080023c0       0x4c CMakeFiles/416.dir/Core/Src/motor.c.obj
                0x080023c0                motor_init
 .text.motor_task_step
                0x0800240c      0x104 CMakeFiles/416.dir/Core/Src/motor.c.obj
                0x0800240c                motor_task_step
 .text.motor_get_status
                0x08002510       0x18 CMakeFiles/416.dir/Core/Src/motor.c.obj
                0x08002510                motor_get_status
 .text.uart_debug_init
                0x08002528        0x2 CMakeFiles/416.dir/Core/Src/uart_debug.c.obj
                0x08002528                uart_debug_init
 *fill*         0x0800252a        0x2 
 .text.uart_debug_task_step
                0x0800252c       0x94 CMakeFiles/416.dir/Core/Src/uart_debug.c.obj
                0x0800252c                uart_debug_task_step
 .text.snprintf
                0x080025c0       0x64 /Users/pap/Library/xPacks/@xpack-dev-tools/arm-none-eabi-gcc/15.2.1-1.1.1/.content/bin/../lib/gcc/arm-none-eabi/15.2.1/../../../../arm-none-eabi/lib/thumb/v7-m/nofp/libg_nano.a(libc_a-snprintf.o)
                0x080025c0                snprintf
                0x080025c0                sniprintf
 .text.memset   0x08002624       0x10 /Users/pap/Library/xPacks/@xpack-dev-tools/arm-none-eabi-gcc/15.2.1-1.1.1/.content/bin/../lib/gcc/arm-none-eabi/15.2.1/../../../../arm-none-eabi/lib/thumb/v7-m/nofp/libg_nano.a(libc_a-memset.o)
                0x08002624                memset
 .text.__errno  0x08002634        0xc /Users/pap/Library/xPacks/@xpack-dev-tools/arm-none-eabi-gcc/15.2.1-1.1.1/.content/bin/../lib/gcc/arm-none-eabi/15.2.1/../../../../arm-none-eabi/lib/thumb/v7-m/nofp/libg_nano.a(libc_a-errno.o)
                0x08002634                __errno
 .text.__libc_init_array
                0x08002640       0x48 /Users/pap/Library/xPacks/@xpack-dev-tools/arm-none-eabi-gcc/15.2.1-1.1.1/.content/bin/../lib/gcc/arm-none-eabi/15.2.1/../../../../arm-none-eabi/lib/thumb/v7-m/nofp/libg_nano.a(libc_a-init.o)
                0x08002640                __libc_init_array
 .text.__retarget_lock_acquire_recursive
                0x08002688        0x2 /Users/pap/Library/xPacks/@xpack-dev-tools/arm-none-eabi-gcc/15.2.1-1.1.1/.content/bin/../lib/gcc/arm-none-eabi/15.2.1/../../../../arm-none-eabi/lib/thumb/v7-m/nofp/libg_nano.a(libc_a-lock.o)
                0x08002688                __retarget_lock_acquire_recursive
 .text.__retarget_lock_release_recursive
                0x0800268a        0x2 /Users/pap/Library/xPacks/@xpack-dev-tools/arm-none-eabi-gcc/15.2.1-1.1.1/.content/bin/../lib/gcc/arm-none-eabi/15.2.1/../../../../arm-none-eabi/lib/thumb/v7-m/nofp/libg_nano.a(libc_a-lock.o)
                0x0800268a                __retarget_lock_release_recursive
 .text.__ssputs_r
                0x0800268c       0xc0 /Users/pap/Library/xPacks/@xpack-dev-tools/arm-none-eabi-gcc/15.2.1-1.1.1/.content/bin/../lib/gcc/arm-none-eabi/15.2.1/../../../../arm-none-eabi/lib/thumb/v7-m/nofp/libg_nano.a(libc_a-nano-svfprintf.o)
                0x0800268c                __ssputs_r
 .text._svfprintf_r
                0x0800274c      0x1f0 /Users/pap/Library/xPacks/@xpack-dev-tools/arm-none-eabi-gcc/15.2.1-1.1.1/.content/bin/../lib/gcc/arm-none-eabi/15.2.1/../../../../arm-none-eabi/lib/thumb/v7-m/nofp/libg_nano.a(libc_a-nano-svfprintf.o)
                0x0800274c                _svfprintf_r
                0x0800274c                _svfiprintf_r
 .text.sbrk_aligned
                0x0800293c       0x44 /Users/pap/Library/xPacks/@xpack-dev-tools/arm-none-eabi-gcc/15.2.1-1.1.1/.content/bin/../lib/gcc/arm-none-eabi/15.2.1/../../../../arm-none-eabi/lib/thumb/v7-m/nofp/libg_nano.a(libc_a-mallocr.o)
 .text._malloc_r
                0x08002980       0xf8 /Users/pap/Library/xPacks/@xpack-dev-tools/arm-none-eabi-gcc/15.2.1-1.1.1/.content/bin/../lib/gcc/arm-none-eabi/15.2.1/../../../../arm-none-eabi/lib/thumb/v7-m/nofp/libg_nano.a(libc_a-mallocr.o)
                0x08002980                _malloc_r
 .text._printf_common
                0x08002a78       0xea /Users/pap/Library/xPacks/@xpack-dev-tools/arm-none-eabi-gcc/15.2.1-1.1.1/.content/bin/../lib/gcc/arm-none-eabi/15.2.1/../../../../arm-none-eabi/lib/thumb/v7-m/nofp/libg_nano.a(libc_a-nano-vfprintf_i.o)
                0x08002a78                _printf_common
 *fill*         0x08002b62        0x2 
 .text._printf_i
                0x08002b64      0x254 /Users/pap/Library/xPacks/@xpack-dev-tools/arm-none-eabi-gcc/15.2.1-1.1.1/.content/bin/../lib/gcc/arm-none-eabi/15.2.1/../../../../arm-none-eabi/lib/thumb/v7-m/nofp/libg_nano.a(libc_a-nano-vfprintf_i.o)
                0x08002b64                _printf_i
 .text.__malloc_lock
                0x08002db8        0xc /Users/pap/Library/xPacks/@xpack-dev-tools/arm-none-eabi-gcc/15.2.1-1.1.1/.content/bin/../lib/gcc/arm-none-eabi/15.2.1/../../../../arm-none-eabi/lib/thumb/v7-m/nofp/libg_nano.a(libc_a-mlock.o)
                0x08002db8                __malloc_lock
 .text.__malloc_unlock
                0x08002dc4        0xc /Users/pap/Library/xPacks/@xpack-dev-tools/arm-none-eabi-gcc/15.2.1-1.1.1/.content/bin/../lib/gcc/arm-none-eabi/15.2.1/../../../../arm-none-eabi/lib/thumb/v7-m/nofp/libg_nano.a(libc_a-mlock.o)
                0x08002dc4                __malloc_unlock
 .text._realloc_r
                0x08002dd0       0x5c /Users/pap/Library/xPacks/@xpack-dev-tools/arm-none-eabi-gcc/15.2.1-1.1.1/.content/bin/../lib/gcc/arm-none-eabi/15.2.1/../../../../arm-none-eabi/lib/thumb/v7-m/nofp/libg_nano.a(libc_a-reallocr.o)
                0x08002dd0                _realloc_r
 .text.memmove  0x08002e2c       0x32 /Users/pap/Library/xPacks/@xpack-dev-tools/arm-none-eabi-gcc/15.2.1-1.1.1/.content/bin/../lib/gcc/arm-none-eabi/15.2.1/../../../../arm-none-eabi/lib/thumb/v7-m/nofp/libg_nano.a(libc_a-memmove.o)
                0x08002e2c                memmove
 *fill*         0x08002e5e        0x2 
 .text._sbrk_r  0x08002e60       0x20 /Users/pap/Library/xPacks/@xpack-dev-tools/arm-none-eabi-gcc/15.2.1-1.1.1/.content/bin/../lib/gcc/arm-none-eabi/15.2.1/../../../../arm-none-eabi/lib/thumb/v7-m/nofp/libg_nano.a(libc_a-sbrkr.o)
                0x08002e60                _sbrk_r
 .text.memchr   0x08002e80       0x1c /Users/pap/Library/xPacks/@xpack-dev-tools/arm-none-eabi-gcc/15.2.1-1.1.1/.content/bin/../lib/gcc/arm-none-eabi/15.2.1/../../../../arm-none-eabi/lib/thumb/v7-m/nofp/libg_nano.a(libc_a-memchr-stub.o)
                0x08002e80                memchr
 .text.memcpy   0x08002e9c       0x1c /Users/pap/Library/xPacks/@xpack-dev-tools/arm-none-eabi-gcc/15.2.1-1.1.1/.content/bin/../lib/gcc/arm-none-eabi/15.2.1/../../../../arm-none-eabi/lib/thumb/v7-m/nofp/libg_nano.a(libc_a-memcpy-stub.o)
                0x08002e9c                memcpy
 .text._free_r  0x08002eb8       0x94 /Users/pap/Library/xPacks/@xpack-dev-tools/arm-none-eabi-gcc/15.2.1-1.1.1/.content/bin/../lib/gcc/arm-none-eabi/15.2.1/../../../../arm-none-eabi/lib/thumb/v7-m/nofp/libg_nano.a(libc_a-freer.o)
                0x08002eb8                _free_r
 .text._malloc_usable_size_r
                0x08002f4c       0x10 /Users/pap/Library/xPacks/@xpack-dev-tools/arm-none-eabi-gcc/15.2.1-1.1.1/.content/bin/../lib/gcc/arm-none-eabi/15.2.1/../../../../arm-none-eabi/lib/thumb/v7-m/nofp/libg_nano.a(libc_a-msizer.o)
                0x08002f4c                _malloc_usable_size_r
 *(.glue_7)
 .glue_7        0x08002f5c        0x0 linker stubs
 *(.glue_7t)
 .glue_7t       0x08002f5c        0x0 linker stubs
 *(.eh_frame)
 .eh_frame      0x08002f5c        0x0 /Users/pap/Library/xPacks/@xpack-dev-tools/arm-none-eabi-gcc/15.2.1-1.1.1/.content/bin/../lib/gcc/arm-none-eabi/15.2.1/thumb/v7-m/nofp/crtbegin.o
 *(.init)
 .init          0x08002f5c        0x4 /Users/pap/Library/xPacks/@xpack-dev-tools/arm-none-eabi-gcc/15.2.1-1.1.1/.content/bin/../lib/gcc/arm-none-eabi/15.2.1/thumb/v7-m/nofp/crti.o
                0x08002f5c                _init
 .init          0x08002f60        0x8 /Users/pap/Library/xPacks/@xpack-dev-tools/arm-none-eabi-gcc/15.2.1-1.1.1/.content/bin/../lib/gcc/arm-none-eabi/15.2.1/thumb/v7-m/nofp/crtn.o
 *(.fini)
 .fini          0x08002f68        0x4 /Users/pap/Library/xPacks/@xpack-dev-tools/arm-none-eabi-gcc/15.2.1-1.1.1/.content/bin/../lib/gcc/arm-none-eabi/15.2.1/thumb/v7-m/nofp/crti.o
                0x08002f68                _fini
 .fini          0x08002f6c        0x8 /Users/pap/Library/xPacks/@xpack-dev-tools/arm-none-eabi-gcc/15.2.1-1.1.1/.content/bin/../lib/gcc/arm-none-eabi/15.2.1/thumb/v7-m/nofp/crtn.o
                0x08002f74                        . = ALIGN (0x4)
                0x08002f74                        _etext = .

.vfp11_veneer   0x08002f74        0x0
 .vfp11_veneer  0x08002f74        0x0 linker stubs

.v4_bx          0x08002f74        0x0
 .v4_bx         0x08002f74        0x0 linker stubs

.iplt           0x08002f74        0x0
 .iplt          0x08002f74        0x0 /Users/pap/Library/xPacks/@xpack-dev-tools/arm-none-eabi-gcc/15.2.1-1.1.1/.content/bin/../lib/gcc/arm-none-eabi/15.2.1/thumb/v7-m/nofp/crtbegin.o

.rodata         0x08002f74       0xfc
                0x08002f74                        . = ALIGN (0x4)
 *(.rodata)
 *(.rodata*)
 .rodata.APBPrescTable
                0x08002f74        0x8 cmake/stm32cubemx/CMakeFiles/STM32_Drivers.dir/__/__/Core/Src/system_stm32f1xx.c.obj
                0x08002f74                APBPrescTable
 .rodata.AHBPrescTable
                0x08002f7c       0x10 cmake/stm32cubemx/CMakeFiles/STM32_Drivers.dir/__/__/Core/Src/system_stm32f1xx.c.obj
                0x08002f7c                AHBPrescTable
 .rodata.aPredivFactorTable.0
                0x08002f8c        0x2 cmake/stm32cubemx/CMakeFiles/STM32_Drivers.dir/__/__/Drivers/STM32F1xx_HAL_Driver/Src/stm32f1xx_hal_rcc.c.obj
 .rodata.aPLLMULFactorTable.1
                0x08002f8e       0x10 cmake/stm32cubemx/CMakeFiles/STM32_Drivers.dir/__/__/Drivers/STM32F1xx_HAL_Driver/Src/stm32f1xx_hal_rcc.c.obj
 .rodata.aPredivFactorTable.0
                0x08002f9e        0x2 cmake/stm32cubemx/CMakeFiles/STM32_Drivers.dir/__/__/Drivers/STM32F1xx_HAL_Driver/Src/stm32f1xx_hal_rcc_ex.c.obj
 .rodata.aPLLMULFactorTable.1
                0x08002fa0       0x10 cmake/stm32cubemx/CMakeFiles/STM32_Drivers.dir/__/__/Drivers/STM32F1xx_HAL_Driver/Src/stm32f1xx_hal_rcc_ex.c.obj
 .rodata.uart_debug_task_step.str1.1
                0x08002fb0       0xaf CMakeFiles/416.dir/Core/Src/uart_debug.c.obj
                                 0x56 (size before relaxing)
 .rodata.str1.1
                0x0800305f        0x0 CMakeFiles/416.dir/Core/Src/uart_debug.c.obj
                                 0x26 (size before relaxing)
 *fill*         0x0800305f        0x1 
 .rodata.CSWTCH.3
                0x08003060       0x10 CMakeFiles/416.dir/Core/Src/uart_debug.c.obj
 .rodata._svfprintf_r.str1.1
                0x08003070        0x0 /Users/pap/Library/xPacks/@xpack-dev-tools/arm-none-eabi-gcc/15.2.1-1.1.1/.content/bin/../lib/gcc/arm-none-eabi/15.2.1/../../../../arm-none-eabi/lib/thumb/v7-m/nofp/libg_nano.a(libc_a-nano-svfprintf.o)
                                 0x11 (size before relaxing)
 .rodata._printf_i.str1.1
                0x08003070        0x0 /Users/pap/Library/xPacks/@xpack-dev-tools/arm-none-eabi-gcc/15.2.1-1.1.1/.content/bin/../lib/gcc/arm-none-eabi/15.2.1/../../../../arm-none-eabi/lib/thumb/v7-m/nofp/libg_nano.a(libc_a-nano-vfprintf_i.o)
                                 0x22 (size before relaxing)
                0x08003070                        . = ALIGN (0x4)

.ARM.extab      0x08003070        0x0
                0x08003070                        . = ALIGN (0x4)
 *(.ARM.extab* .gnu.linkonce.armextab.*)
                0x08003070                        . = ALIGN (0x4)

.ARM            0x08003070        0x0
                0x08003070                        . = ALIGN (0x4)
                0x08003070                        __exidx_start = .
 *(.ARM.exidx*)
                0x08003070                        __exidx_end = .
                0x08003070                        . = ALIGN (0x4)

.preinit_array  0x08003070        0x0
                0x08003070                        . = ALIGN (0x4)
                0x08003070                        PROVIDE (__preinit_array_start = .)
 *(.preinit_array*)
                0x08003070                        PROVIDE (__preinit_array_end = .)
                0x08003070                        . = ALIGN (0x4)

.init_array     0x08003070        0x4
                0x08003070                        . = ALIGN (0x4)
                0x08003070                        PROVIDE (__init_array_start = .)
 *(SORT_BY_NAME(.init_array.*))
 *(.init_array*)
 .init_array    0x08003070        0x4 /Users/pap/Library/xPacks/@xpack-dev-tools/arm-none-eabi-gcc/15.2.1-1.1.1/.content/bin/../lib/gcc/arm-none-eabi/15.2.1/thumb/v7-m/nofp/crtbegin.o
                0x08003074                        PROVIDE (__init_array_end = .)
                0x08003074                        . = ALIGN (0x4)

.fini_array     0x08003074        0x4
                0x08003074                        . = ALIGN (0x4)
                0x08003074                        PROVIDE (__fini_array_start = .)
 *(SORT_BY_NAME(.fini_array.*))
 *(.fini_array*)
 .fini_array    0x08003074        0x4 /Users/pap/Library/xPacks/@xpack-dev-tools/arm-none-eabi-gcc/15.2.1-1.1.1/.content/bin/../lib/gcc/arm-none-eabi/15.2.1/thumb/v7-m/nofp/crtbegin.o
                0x08003078                        PROVIDE (__fini_array_end = .)
                0x08003078                        . = ALIGN (0x4)
                0x08003078                        _sidata = LOADADDR (.data)

.rel.dyn        0x08003078        0x0
 .rel.iplt      0x08003078        0x0 /Users/pap/Library/xPacks/@xpack-dev-tools/arm-none-eabi-gcc/15.2.1-1.1.1/.content/bin/../lib/gcc/arm-none-eabi/15.2.1/thumb/v7-m/nofp/crtbegin.o

.data           0x20000000       0x7c load address 0x08003078
                0x20000000                        . = ALIGN (0x4)
                0x20000000                        _sdata = .
 *(.data)
 *(.data*)
 .data.SystemCoreClock
                0x20000000        0x4 cmake/stm32cubemx/CMakeFiles/STM32_Drivers.dir/__/__/Core/Src/system_stm32f1xx.c.obj
                0x20000000                SystemCoreClock
 .data.uwTickFreq
                0x20000004        0x1 cmake/stm32cubemx/CMakeFiles/STM32_Drivers.dir/__/__/Drivers/STM32F1xx_HAL_Driver/Src/stm32f1xx_hal.c.obj
                0x20000004                uwTickFreq
 *fill*         0x20000005        0x3 
 .data.uwTickPrio
                0x20000008        0x4 cmake/stm32cubemx/CMakeFiles/STM32_Drivers.dir/__/__/Drivers/STM32F1xx_HAL_Driver/Src/stm32f1xx_hal.c.obj
                0x20000008                uwTickPrio
 .data.buttons  0x2000000c       0x20 CMakeFiles/416.dir/Core/Src/button.c.obj
 .data._impure_ptr
                0x2000002c        0x4 /Users/pap/Library/xPacks/@xpack-dev-tools/arm-none-eabi-gcc/15.2.1-1.1.1/.content/bin/../lib/gcc/arm-none-eabi/15.2.1/../../../../arm-none-eabi/lib/thumb/v7-m/nofp/libg_nano.a(libc_a-impure.o)
                0x2000002c                _impure_ptr
 .data._impure_data
                0x20000030       0x4c /Users/pap/Library/xPacks/@xpack-dev-tools/arm-none-eabi-gcc/15.2.1-1.1.1/.content/bin/../lib/gcc/arm-none-eabi/15.2.1/../../../../arm-none-eabi/lib/thumb/v7-m/nofp/libg_nano.a(libc_a-impure.o)
                0x20000030                _impure_data
 *(.RamFunc)
 *(.RamFunc*)
                0x2000007c                        . = ALIGN (0x4)

.igot.plt       0x2000007c        0x0 load address 0x080030f4
 .igot.plt      0x2000007c        0x0 /Users/pap/Library/xPacks/@xpack-dev-tools/arm-none-eabi-gcc/15.2.1-1.1.1/.content/bin/../lib/gcc/arm-none-eabi/15.2.1/thumb/v7-m/nofp/crtbegin.o

.tdata          0x2000007c        0x0 load address 0x080030f4
 *(.tdata .tdata.* .gnu.linkonce.td.*)
                0x2000007c                        . = ALIGN (0x4)
                0x2000007c                        _edata = .
                [!provide]                        PROVIDE (__data_end = .)
                [!provide]                        PROVIDE (__tdata_end = .)
                [!provide]                        PROVIDE (__tdata_start = ADDR (.tdata))
                [!provide]                        PROVIDE (__tdata_size = (__tdata_end - __tdata_start))
                [!provide]                        PROVIDE (__data_start = ADDR (.data))
                [!provide]                        PROVIDE (__data_size = (__data_end - __data_start))
                [!provide]                        PROVIDE (__tdata_source = LOADADDR (.tdata))
                [!provide]                        PROVIDE (__tdata_source_end = (LOADADDR (.tdata) + SIZEOF (.tdata)))
                [!provide]                        PROVIDE (__tdata_source_size = (__tdata_source_end - __tdata_source))
                [!provide]                        PROVIDE (__data_source = LOADADDR (.data))
                [!provide]                        PROVIDE (__data_source_end = __tdata_source_end)
                [!provide]                        PROVIDE (__data_source_size = (__data_source_end - __data_source))

.tbss           0x2000007c        0x0 load address 0x080030f4
                0x2000007c                        _sbss = .
                0x2000007c                        __bss_start__ = _sbss
 *(.tbss .tbss.*)
                0x2000007c                        . = ALIGN (0x4)
                [!provide]                        PROVIDE (__tbss_end = .)
                [!provide]                        PROVIDE (__tbss_start = ADDR (.tbss))
                [!provide]                        PROVIDE (__tbss_size = (__tbss_end - __tbss_start))
                [!provide]                        PROVIDE (__tbss_offset = (ADDR (.tbss) - ADDR (.tdata)))
                [!provide]                        PROVIDE (__tls_base = __tdata_start)
                [!provide]                        PROVIDE (__tls_end = __tbss_end)
                [!provide]                        PROVIDE (__tls_size = (__tls_end - __tls_base))
                [!provide]                        PROVIDE (__tls_align = MAX (ALIGNOF (.tdata), ALIGNOF (.tbss)))
                [!provide]                        PROVIDE (__tls_size_align = (((__tls_size + __tls_align) - 0x1) & ~ ((__tls_align - 0x1))))
                [!provide]                        PROVIDE (__arm32_tls_tcb_offset = MAX (0x8, __tls_align))
                [!provide]                        PROVIDE (__arm64_tls_tcb_offset = MAX (0x10, __tls_align))

.bss            0x2000007c      0x28c load address 0x080030f4
 *(.bss)
 *(.bss*)
 .bss.completed.1
                0x2000007c        0x1 /Users/pap/Library/xPacks/@xpack-dev-tools/arm-none-eabi-gcc/15.2.1-1.1.1/.content/bin/../lib/gcc/arm-none-eabi/15.2.1/thumb/v7-m/nofp/crtbegin.o
 *fill*         0x2000007d        0x3 
 .bss.object.0  0x20000080       0x18 /Users/pap/Library/xPacks/@xpack-dev-tools/arm-none-eabi-gcc/15.2.1-1.1.1/.content/bin/../lib/gcc/arm-none-eabi/15.2.1/thumb/v7-m/nofp/crtbegin.o
 .bss.uwTick    0x20000098        0x4 cmake/stm32cubemx/CMakeFiles/STM32_Drivers.dir/__/__/Drivers/STM32F1xx_HAL_Driver/Src/stm32f1xx_hal.c.obj
                0x20000098                uwTick
 .bss.hadc1     0x2000009c       0x30 CMakeFiles/416.dir/Core/Src/adc.c.obj
                0x2000009c                hadc1
 .bss.htim3     0x200000cc       0x48 CMakeFiles/416.dir/Core/Src/tim.c.obj
                0x200000cc                htim3
 .bss.htim2     0x20000114       0x48 CMakeFiles/416.dir/Core/Src/tim.c.obj
                0x20000114                htim2
 .bss.huart1    0x2000015c       0x48 CMakeFiles/416.dir/Core/Src/usart.c.obj
                0x2000015c                huart1
 .bss.__sbrk_heap_end
                0x200001a4        0x4 CMakeFiles/416.dir/Core/Src/sysmem.c.obj
 .bss.last_uart_ms.0
                0x200001a8        0x4 CMakeFiles/416.dir/Core/Src/app.c.obj
 .bss.last_motor_ms.1
                0x200001ac        0x4 CMakeFiles/416.dir/Core/Src/app.c.obj
 .bss.direction_wait_start_ms
                0x200001b0        0x4 CMakeFiles/416.dir/Core/Src/motor.c.obj
 .bss.motor_status
                0x200001b4        0xa CMakeFiles/416.dir/Core/Src/motor.c.obj
 *fill*         0x200001be        0x2 
 .bss.__sf      0x200001c0      0x138 /Users/pap/Library/xPacks/@xpack-dev-tools/arm-none-eabi-gcc/15.2.1-1.1.1/.content/bin/../lib/gcc/arm-none-eabi/15.2.1/../../../../arm-none-eabi/lib/thumb/v7-m/nofp/libg_nano.a(libc_a-findfp.o)
                0x200001c0                __sf
 .bss.__lock___malloc_recursive_mutex
                0x200002f8        0x1 /Users/pap/Library/xPacks/@xpack-dev-tools/arm-none-eabi-gcc/15.2.1-1.1.1/.content/bin/../lib/gcc/arm-none-eabi/15.2.1/../../../../arm-none-eabi/lib/thumb/v7-m/nofp/libg_nano.a(libc_a-lock.o)
                0x200002f8                __lock___malloc_recursive_mutex
 *fill*         0x200002f9        0x3 
 .bss.__malloc_sbrk_start
                0x200002fc        0x4 /Users/pap/Library/xPacks/@xpack-dev-tools/arm-none-eabi-gcc/15.2.1-1.1.1/.content/bin/../lib/gcc/arm-none-eabi/15.2.1/../../../../arm-none-eabi/lib/thumb/v7-m/nofp/libg_nano.a(libc_a-mallocr.o)
                0x200002fc                __malloc_sbrk_start
 .bss.__malloc_free_list
                0x20000300        0x4 /Users/pap/Library/xPacks/@xpack-dev-tools/arm-none-eabi-gcc/15.2.1-1.1.1/.content/bin/../lib/gcc/arm-none-eabi/15.2.1/../../../../arm-none-eabi/lib/thumb/v7-m/nofp/libg_nano.a(libc_a-mallocr.o)
                0x20000300                __malloc_free_list
 .bss.errno     0x20000304        0x4 /Users/pap/Library/xPacks/@xpack-dev-tools/arm-none-eabi-gcc/15.2.1-1.1.1/.content/bin/../lib/gcc/arm-none-eabi/15.2.1/../../../../arm-none-eabi/lib/thumb/v7-m/nofp/libg_nano.a(libc_a-reent.o)
                0x20000304                errno
 *(COMMON)
                0x20000308                        . = ALIGN (0x4)
                0x20000308                        _ebss = .
                0x20000308                        __bss_end__ = _ebss
                [!provide]                        PROVIDE (__bss_end = .)
                [!provide]                        PROVIDE (__non_tls_bss_start = ADDR (.bss))
                [!provide]                        PROVIDE (__bss_start = __tbss_start)
                [!provide]                        PROVIDE (__bss_size = (__bss_end - __bss_start))

._user_heap_stack
                0x20000308      0x600 load address 0x080030f4
                0x20000308                        . = ALIGN (0x8)
                [!provide]                        PROVIDE (end = .)
                0x20000308                        PROVIDE (_end = .)
                0x20000508                        . = (. + _Min_Heap_Size)
 *fill*         0x20000308      0x200 
                0x20000908                        . = (. + _Min_Stack_Size)
 *fill*         0x20000508      0x400 
                0x20000908                        . = ALIGN (0x8)

/DISCARD/
 libc.a:*(*)
 libm.a:*(*)
 libgcc.a:*(*)
OUTPUT(416.elf elf32-littlearm)
LOAD linker stubs

.ARM.attributes
                0x00000000       0x29
 .ARM.attributes
                0x00000000       0x1d /Users/pap/Library/xPacks/@xpack-dev-tools/arm-none-eabi-gcc/15.2.1-1.1.1/.content/bin/../lib/gcc/arm-none-eabi/15.2.1/thumb/v7-m/nofp/crti.o
 .ARM.attributes
                0x0000001d       0x2d /Users/pap/Library/xPacks/@xpack-dev-tools/arm-none-eabi-gcc/15.2.1-1.1.1/.content/bin/../lib/gcc/arm-none-eabi/15.2.1/thumb/v7-m/nofp/crtbegin.o
 .ARM.attributes
                0x0000004a       0x2d cmake/stm32cubemx/CMakeFiles/STM32_Drivers.dir/__/__/Core/Src/system_stm32f1xx.c.obj
 .ARM.attributes
                0x00000077       0x2d cmake/stm32cubemx/CMakeFiles/STM32_Drivers.dir/__/__/Drivers/STM32F1xx_HAL_Driver/Src/stm32f1xx_hal_adc.c.obj
 .ARM.attributes
                0x000000a4       0x2d cmake/stm32cubemx/CMakeFiles/STM32_Drivers.dir/__/__/Drivers/STM32F1xx_HAL_Driver/Src/stm32f1xx_hal_adc_ex.c.obj
 .ARM.attributes
                0x000000d1       0x2d cmake/stm32cubemx/CMakeFiles/STM32_Drivers.dir/__/__/Drivers/STM32F1xx_HAL_Driver/Src/stm32f1xx_hal.c.obj
 .ARM.attributes
                0x000000fe       0x2d cmake/stm32cubemx/CMakeFiles/STM32_Drivers.dir/__/__/Drivers/STM32F1xx_HAL_Driver/Src/stm32f1xx_hal_rcc.c.obj
 .ARM.attributes
                0x0000012b       0x2d cmake/stm32cubemx/CMakeFiles/STM32_Drivers.dir/__/__/Drivers/STM32F1xx_HAL_Driver/Src/stm32f1xx_hal_rcc_ex.c.obj
 .ARM.attributes
                0x00000158       0x2d cmake/stm32cubemx/CMakeFiles/STM32_Drivers.dir/__/__/Drivers/STM32F1xx_HAL_Driver/Src/stm32f1xx_hal_gpio.c.obj
 .ARM.attributes
                0x00000185       0x2d cmake/stm32cubemx/CMakeFiles/STM32_Drivers.dir/__/__/Drivers/STM32F1xx_HAL_Driver/Src/stm32f1xx_hal_dma.c.obj
 .ARM.attributes
                0x000001b2       0x2d cmake/stm32cubemx/CMakeFiles/STM32_Drivers.dir/__/__/Drivers/STM32F1xx_HAL_Driver/Src/stm32f1xx_hal_cortex.c.obj
 .ARM.attributes
                0x000001df       0x2d cmake/stm32cubemx/CMakeFiles/STM32_Drivers.dir/__/__/Drivers/STM32F1xx_HAL_Driver/Src/stm32f1xx_hal_tim.c.obj
 .ARM.attributes
                0x0000020c       0x2d cmake/stm32cubemx/CMakeFiles/STM32_Drivers.dir/__/__/Drivers/STM32F1xx_HAL_Driver/Src/stm32f1xx_hal_tim_ex.c.obj
 .ARM.attributes
                0x00000239       0x2d cmake/stm32cubemx/CMakeFiles/STM32_Drivers.dir/__/__/Drivers/STM32F1xx_HAL_Driver/Src/stm32f1xx_hal_uart.c.obj
 .ARM.attributes
                0x00000266       0x2d CMakeFiles/416.dir/Core/Src/main.c.obj
 .ARM.attributes
                0x00000293       0x2d CMakeFiles/416.dir/Core/Src/gpio.c.obj
 .ARM.attributes
                0x000002c0       0x2d CMakeFiles/416.dir/Core/Src/adc.c.obj
 .ARM.attributes
                0x000002ed       0x2d CMakeFiles/416.dir/Core/Src/tim.c.obj
 .ARM.attributes
                0x0000031a       0x2d CMakeFiles/416.dir/Core/Src/usart.c.obj
 .ARM.attributes
                0x00000347       0x2d CMakeFiles/416.dir/Core/Src/stm32f1xx_it.c.obj
 .ARM.attributes
                0x00000374       0x2d CMakeFiles/416.dir/Core/Src/stm32f1xx_hal_msp.c.obj
 .ARM.attributes
                0x000003a1       0x2d CMakeFiles/416.dir/Core/Src/sysmem.c.obj
 .ARM.attributes
                0x000003ce       0x21 CMakeFiles/416.dir/startup_stm32f103x6.s.obj
 .ARM.attributes
                0x000003ef       0x2d CMakeFiles/416.dir/Core/Src/app.c.obj
 .ARM.attributes
                0x0000041c       0x2d CMakeFiles/416.dir/Core/Src/button.c.obj
 .ARM.attributes
                0x00000449       0x2d CMakeFiles/416.dir/Core/Src/motor.c.obj
 .ARM.attributes
                0x00000476       0x2d CMakeFiles/416.dir/Core/Src/uart_debug.c.obj
 .ARM.attributes
                0x000004a3       0x2d /Users/pap/Library/xPacks/@xpack-dev-tools/arm-none-eabi-gcc/15.2.1-1.1.1/.content/bin/../lib/gcc/arm-none-eabi/15.2.1/../../../../arm-none-eabi/lib/thumb/v7-m/nofp/libg_nano.a(libc_a-snprintf.o)
 .ARM.attributes
                0x000004d0       0x2d /Users/pap/Library/xPacks/@xpack-dev-tools/arm-none-eabi-gcc/15.2.1-1.1.1/.content/bin/../lib/gcc/arm-none-eabi/15.2.1/../../../../arm-none-eabi/lib/thumb/v7-m/nofp/libg_nano.a(libc_a-findfp.o)
 .ARM.attributes
                0x000004fd       0x2d /Users/pap/Library/xPacks/@xpack-dev-tools/arm-none-eabi-gcc/15.2.1-1.1.1/.content/bin/../lib/gcc/arm-none-eabi/15.2.1/../../../../arm-none-eabi/lib/thumb/v7-m/nofp/libg_nano.a(libc_a-memset.o)
 .ARM.attributes
                0x0000052a       0x2d /Users/pap/Library/xPacks/@xpack-dev-tools/arm-none-eabi-gcc/15.2.1-1.1.1/.content/bin/../lib/gcc/arm-none-eabi/15.2.1/../../../../arm-none-eabi/lib/thumb/v7-m/nofp/libg_nano.a(libc_a-errno.o)
 .ARM.attributes
                0x00000557       0x2d /Users/pap/Library/xPacks/@xpack-dev-tools/arm-none-eabi-gcc/15.2.1-1.1.1/.content/bin/../lib/gcc/arm-none-eabi/15.2.1/../../../../arm-none-eabi/lib/thumb/v7-m/nofp/libg_nano.a(libc_a-init.o)
 .ARM.attributes
                0x00000584       0x2d /Users/pap/Library/xPacks/@xpack-dev-tools/arm-none-eabi-gcc/15.2.1-1.1.1/.content/bin/../lib/gcc/arm-none-eabi/15.2.1/../../../../arm-none-eabi/lib/thumb/v7-m/nofp/libg_nano.a(libc_a-lock.o)
 .ARM.attributes
                0x000005b1       0x2d /Users/pap/Library/xPacks/@xpack-dev-tools/arm-none-eabi-gcc/15.2.1-1.1.1/.content/bin/../lib/gcc/arm-none-eabi/15.2.1/../../../../arm-none-eabi/lib/thumb/v7-m/nofp/libg_nano.a(libc_a-impure.o)
 .ARM.attributes
                0x000005de       0x2d /Users/pap/Library/xPacks/@xpack-dev-tools/arm-none-eabi-gcc/15.2.1-1.1.1/.content/bin/../lib/gcc/arm-none-eabi/15.2.1/../../../../arm-none-eabi/lib/thumb/v7-m/nofp/libg_nano.a(libc_a-nano-svfprintf.o)
 .ARM.attributes
                0x0000060b       0x2d /Users/pap/Library/xPacks/@xpack-dev-tools/arm-none-eabi-gcc/15.2.1-1.1.1/.content/bin/../lib/gcc/arm-none-eabi/15.2.1/../../../../arm-none-eabi/lib/thumb/v7-m/nofp/libg_nano.a(libc_a-mallocr.o)
 .ARM.attributes
                0x00000638       0x2d /Users/pap/Library/xPacks/@xpack-dev-tools/arm-none-eabi-gcc/15.2.1-1.1.1/.content/bin/../lib/gcc/arm-none-eabi/15.2.1/../../../../arm-none-eabi/lib/thumb/v7-m/nofp/libg_nano.a(libc_a-nano-vfprintf_i.o)
 .ARM.attributes
                0x00000665       0x2d /Users/pap/Library/xPacks/@xpack-dev-tools/arm-none-eabi-gcc/15.2.1-1.1.1/.content/bin/../lib/gcc/arm-none-eabi/15.2.1/../../../../arm-none-eabi/lib/thumb/v7-m/nofp/libg_nano.a(libc_a-mlock.o)
 .ARM.attributes
                0x00000692       0x2d /Users/pap/Library/xPacks/@xpack-dev-tools/arm-none-eabi-gcc/15.2.1-1.1.1/.content/bin/../lib/gcc/arm-none-eabi/15.2.1/../../../../arm-none-eabi/lib/thumb/v7-m/nofp/libg_nano.a(libc_a-reallocr.o)
 .ARM.attributes
                0x000006bf       0x2d /Users/pap/Library/xPacks/@xpack-dev-tools/arm-none-eabi-gcc/15.2.1-1.1.1/.content/bin/../lib/gcc/arm-none-eabi/15.2.1/../../../../arm-none-eabi/lib/thumb/v7-m/nofp/libg_nano.a(libc_a-memmove.o)
 .ARM.attributes
                0x000006ec       0x2d /Users/pap/Library/xPacks/@xpack-dev-tools/arm-none-eabi-gcc/15.2.1-1.1.1/.content/bin/../lib/gcc/arm-none-eabi/15.2.1/../../../../arm-none-eabi/lib/thumb/v7-m/nofp/libg_nano.a(libc_a-sbrkr.o)
 .ARM.attributes
                0x00000719       0x2d /Users/pap/Library/xPacks/@xpack-dev-tools/arm-none-eabi-gcc/15.2.1-1.1.1/.content/bin/../lib/gcc/arm-none-eabi/15.2.1/../../../../arm-none-eabi/lib/thumb/v7-m/nofp/libg_nano.a(libc_a-reent.o)
 .ARM.attributes
                0x00000746       0x2d /Users/pap/Library/xPacks/@xpack-dev-tools/arm-none-eabi-gcc/15.2.1-1.1.1/.content/bin/../lib/gcc/arm-none-eabi/15.2.1/../../../../arm-none-eabi/lib/thumb/v7-m/nofp/libg_nano.a(libc_a-memchr-stub.o)
 .ARM.attributes
                0x00000773       0x2d /Users/pap/Library/xPacks/@xpack-dev-tools/arm-none-eabi-gcc/15.2.1-1.1.1/.content/bin/../lib/gcc/arm-none-eabi/15.2.1/../../../../arm-none-eabi/lib/thumb/v7-m/nofp/libg_nano.a(libc_a-memcpy-stub.o)
 .ARM.attributes
                0x000007a0       0x2d /Users/pap/Library/xPacks/@xpack-dev-tools/arm-none-eabi-gcc/15.2.1-1.1.1/.content/bin/../lib/gcc/arm-none-eabi/15.2.1/../../../../arm-none-eabi/lib/thumb/v7-m/nofp/libg_nano.a(libc_a-freer.o)
 .ARM.attributes
                0x000007cd       0x2d /Users/pap/Library/xPacks/@xpack-dev-tools/arm-none-eabi-gcc/15.2.1-1.1.1/.content/bin/../lib/gcc/arm-none-eabi/15.2.1/../../../../arm-none-eabi/lib/thumb/v7-m/nofp/libg_nano.a(libc_a-msizer.o)
 .ARM.attributes
                0x000007fa       0x1d /Users/pap/Library/xPacks/@xpack-dev-tools/arm-none-eabi-gcc/15.2.1-1.1.1/.content/bin/../lib/gcc/arm-none-eabi/15.2.1/thumb/v7-m/nofp/crtn.o

.comment        0x00000000       0x38
 .comment       0x00000000       0x38 /Users/pap/Library/xPacks/@xpack-dev-tools/arm-none-eabi-gcc/15.2.1-1.1.1/.content/bin/../lib/gcc/arm-none-eabi/15.2.1/thumb/v7-m/nofp/crtbegin.o
                                 0x39 (size before relaxing)
 .comment       0x00000038        0x0 cmake/stm32cubemx/CMakeFiles/STM32_Drivers.dir/__/__/Core/Src/system_stm32f1xx.c.obj
                                 0x39 (size before relaxing)
 .comment       0x00000038        0x0 cmake/stm32cubemx/CMakeFiles/STM32_Drivers.dir/__/__/Drivers/STM32F1xx_HAL_Driver/Src/stm32f1xx_hal_adc.c.obj
                                 0x39 (size before relaxing)
 .comment       0x00000038        0x0 cmake/stm32cubemx/CMakeFiles/STM32_Drivers.dir/__/__/Drivers/STM32F1xx_HAL_Driver/Src/stm32f1xx_hal_adc_ex.c.obj
                                 0x39 (size before relaxing)
 .comment       0x00000038        0x0 cmake/stm32cubemx/CMakeFiles/STM32_Drivers.dir/__/__/Drivers/STM32F1xx_HAL_Driver/Src/stm32f1xx_hal.c.obj
                                 0x39 (size before relaxing)
 .comment       0x00000038        0x0 cmake/stm32cubemx/CMakeFiles/STM32_Drivers.dir/__/__/Drivers/STM32F1xx_HAL_Driver/Src/stm32f1xx_hal_rcc.c.obj
                                 0x39 (size before relaxing)
 .comment       0x00000038        0x0 cmake/stm32cubemx/CMakeFiles/STM32_Drivers.dir/__/__/Drivers/STM32F1xx_HAL_Driver/Src/stm32f1xx_hal_rcc_ex.c.obj
                                 0x39 (size before relaxing)
 .comment       0x00000038        0x0 cmake/stm32cubemx/CMakeFiles/STM32_Drivers.dir/__/__/Drivers/STM32F1xx_HAL_Driver/Src/stm32f1xx_hal_gpio.c.obj
                                 0x39 (size before relaxing)
 .comment       0x00000038        0x0 cmake/stm32cubemx/CMakeFiles/STM32_Drivers.dir/__/__/Drivers/STM32F1xx_HAL_Driver/Src/stm32f1xx_hal_dma.c.obj
                                 0x39 (size before relaxing)
 .comment       0x00000038        0x0 cmake/stm32cubemx/CMakeFiles/STM32_Drivers.dir/__/__/Drivers/STM32F1xx_HAL_Driver/Src/stm32f1xx_hal_cortex.c.obj
                                 0x39 (size before relaxing)
 .comment       0x00000038        0x0 cmake/stm32cubemx/CMakeFiles/STM32_Drivers.dir/__/__/Drivers/STM32F1xx_HAL_Driver/Src/stm32f1xx_hal_tim.c.obj
                                 0x39 (size before relaxing)
 .comment       0x00000038        0x0 cmake/stm32cubemx/CMakeFiles/STM32_Drivers.dir/__/__/Drivers/STM32F1xx_HAL_Driver/Src/stm32f1xx_hal_tim_ex.c.obj
                                 0x39 (size before relaxing)
 .comment       0x00000038        0x0 cmake/stm32cubemx/CMakeFiles/STM32_Drivers.dir/__/__/Drivers/STM32F1xx_HAL_Driver/Src/stm32f1xx_hal_uart.c.obj
                                 0x39 (size before relaxing)
 .comment       0x00000038        0x0 CMakeFiles/416.dir/Core/Src/main.c.obj
                                 0x39 (size before relaxing)
 .comment       0x00000038        0x0 CMakeFiles/416.dir/Core/Src/gpio.c.obj
                                 0x39 (size before relaxing)
 .comment       0x00000038        0x0 CMakeFiles/416.dir/Core/Src/adc.c.obj
                                 0x39 (size before relaxing)
 .comment       0x00000038        0x0 CMakeFiles/416.dir/Core/Src/tim.c.obj
                                 0x39 (size before relaxing)
 .comment       0x00000038        0x0 CMakeFiles/416.dir/Core/Src/usart.c.obj
                                 0x39 (size before relaxing)
 .comment       0x00000038        0x0 CMakeFiles/416.dir/Core/Src/stm32f1xx_it.c.obj
                                 0x39 (size before relaxing)
 .comment       0x00000038        0x0 CMakeFiles/416.dir/Core/Src/stm32f1xx_hal_msp.c.obj
                                 0x39 (size before relaxing)
 .comment       0x00000038        0x0 CMakeFiles/416.dir/Core/Src/sysmem.c.obj
                                 0x39 (size before relaxing)
 .comment       0x00000038        0x0 CMakeFiles/416.dir/Core/Src/app.c.obj
                                 0x39 (size before relaxing)
 .comment       0x00000038        0x0 CMakeFiles/416.dir/Core/Src/button.c.obj
                                 0x39 (size before relaxing)
 .comment       0x00000038        0x0 CMakeFiles/416.dir/Core/Src/motor.c.obj
                                 0x39 (size before relaxing)
 .comment       0x00000038        0x0 CMakeFiles/416.dir/Core/Src/uart_debug.c.obj
                                 0x39 (size before relaxing)
 .comment       0x00000038        0x0 /Users/pap/Library/xPacks/@xpack-dev-tools/arm-none-eabi-gcc/15.2.1-1.1.1/.content/bin/../lib/gcc/arm-none-eabi/15.2.1/../../../../arm-none-eabi/lib/thumb/v7-m/nofp/libg_nano.a(libc_a-snprintf.o)
                                 0x39 (size before relaxing)
 .comment       0x00000038        0x0 /Users/pap/Library/xPacks/@xpack-dev-tools/arm-none-eabi-gcc/15.2.1-1.1.1/.content/bin/../lib/gcc/arm-none-eabi/15.2.1/../../../../arm-none-eabi/lib/thumb/v7-m/nofp/libg_nano.a(libc_a-findfp.o)
                                 0x39 (size before relaxing)
 .comment       0x00000038        0x0 /Users/pap/Library/xPacks/@xpack-dev-tools/arm-none-eabi-gcc/15.2.1-1.1.1/.content/bin/../lib/gcc/arm-none-eabi/15.2.1/../../../../arm-none-eabi/lib/thumb/v7-m/nofp/libg_nano.a(libc_a-memset.o)
                                 0x39 (size before relaxing)
 .comment       0x00000038        0x0 /Users/pap/Library/xPacks/@xpack-dev-tools/arm-none-eabi-gcc/15.2.1-1.1.1/.content/bin/../lib/gcc/arm-none-eabi/15.2.1/../../../../arm-none-eabi/lib/thumb/v7-m/nofp/libg_nano.a(libc_a-errno.o)
                                 0x39 (size before relaxing)
 .comment       0x00000038        0x0 /Users/pap/Library/xPacks/@xpack-dev-tools/arm-none-eabi-gcc/15.2.1-1.1.1/.content/bin/../lib/gcc/arm-none-eabi/15.2.1/../../../../arm-none-eabi/lib/thumb/v7-m/nofp/libg_nano.a(libc_a-init.o)
                                 0x39 (size before relaxing)
 .comment       0x00000038        0x0 /Users/pap/Library/xPacks/@xpack-dev-tools/arm-none-eabi-gcc/15.2.1-1.1.1/.content/bin/../lib/gcc/arm-none-eabi/15.2.1/../../../../arm-none-eabi/lib/thumb/v7-m/nofp/libg_nano.a(libc_a-lock.o)
                                 0x39 (size before relaxing)
 .comment       0x00000038        0x0 /Users/pap/Library/xPacks/@xpack-dev-tools/arm-none-eabi-gcc/15.2.1-1.1.1/.content/bin/../lib/gcc/arm-none-eabi/15.2.1/../../../../arm-none-eabi/lib/thumb/v7-m/nofp/libg_nano.a(libc_a-impure.o)
                                 0x39 (size before relaxing)
 .comment       0x00000038        0x0 /Users/pap/Library/xPacks/@xpack-dev-tools/arm-none-eabi-gcc/15.2.1-1.1.1/.content/bin/../lib/gcc/arm-none-eabi/15.2.1/../../../../arm-none-eabi/lib/thumb/v7-m/nofp/libg_nano.a(libc_a-nano-svfprintf.o)
                                 0x39 (size before relaxing)
 .comment       0x00000038        0x0 /Users/pap/Library/xPacks/@xpack-dev-tools/arm-none-eabi-gcc/15.2.1-1.1.1/.content/bin/../lib/gcc/arm-none-eabi/15.2.1/../../../../arm-none-eabi/lib/thumb/v7-m/nofp/libg_nano.a(libc_a-mallocr.o)
                                 0x39 (size before relaxing)
 .comment       0x00000038        0x0 /Users/pap/Library/xPacks/@xpack-dev-tools/arm-none-eabi-gcc/15.2.1-1.1.1/.content/bin/../lib/gcc/arm-none-eabi/15.2.1/../../../../arm-none-eabi/lib/thumb/v7-m/nofp/libg_nano.a(libc_a-nano-vfprintf_i.o)
                                 0x39 (size before relaxing)
 .comment       0x00000038        0x0 /Users/pap/Library/xPacks/@xpack-dev-tools/arm-none-eabi-gcc/15.2.1-1.1.1/.content/bin/../lib/gcc/arm-none-eabi/15.2.1/../../../../arm-none-eabi/lib/thumb/v7-m/nofp/libg_nano.a(libc_a-mlock.o)
                                 0x39 (size before relaxing)
 .comment       0x00000038        0x0 /Users/pap/Library/xPacks/@xpack-dev-tools/arm-none-eabi-gcc/15.2.1-1.1.1/.content/bin/../lib/gcc/arm-none-eabi/15.2.1/../../../../arm-none-eabi/lib/thumb/v7-m/nofp/libg_nano.a(libc_a-reallocr.o)
                                 0x39 (size before relaxing)
 .comment       0x00000038        0x0 /Users/pap/Library/xPacks/@xpack-dev-tools/arm-none-eabi-gcc/15.2.1-1.1.1/.content/bin/../lib/gcc/arm-none-eabi/15.2.1/../../../../arm-none-eabi/lib/thumb/v7-m/nofp/libg_nano.a(libc_a-memmove.o)
                                 0x39 (size before relaxing)
 .comment       0x00000038        0x0 /Users/pap/Library/xPacks/@xpack-dev-tools/arm-none-eabi-gcc/15.2.1-1.1.1/.content/bin/../lib/gcc/arm-none-eabi/15.2.1/../../../../arm-none-eabi/lib/thumb/v7-m/nofp/libg_nano.a(libc_a-sbrkr.o)
                                 0x39 (size before relaxing)
 .comment       0x00000038        0x0 /Users/pap/Library/xPacks/@xpack-dev-tools/arm-none-eabi-gcc/15.2.1-1.1.1/.content/bin/../lib/gcc/arm-none-eabi/15.2.1/../../../../arm-none-eabi/lib/thumb/v7-m/nofp/libg_nano.a(libc_a-reent.o)
                                 0x39 (size before relaxing)
 .comment       0x00000038        0x0 /Users/pap/Library/xPacks/@xpack-dev-tools/arm-none-eabi-gcc/15.2.1-1.1.1/.content/bin/../lib/gcc/arm-none-eabi/15.2.1/../../../../arm-none-eabi/lib/thumb/v7-m/nofp/libg_nano.a(libc_a-memchr-stub.o)
                                 0x39 (size before relaxing)
 .comment       0x00000038        0x0 /Users/pap/Library/xPacks/@xpack-dev-tools/arm-none-eabi-gcc/15.2.1-1.1.1/.content/bin/../lib/gcc/arm-none-eabi/15.2.1/../../../../arm-none-eabi/lib/thumb/v7-m/nofp/libg_nano.a(libc_a-memcpy-stub.o)
                                 0x39 (size before relaxing)
 .comment       0x00000038        0x0 /Users/pap/Library/xPacks/@xpack-dev-tools/arm-none-eabi-gcc/15.2.1-1.1.1/.content/bin/../lib/gcc/arm-none-eabi/15.2.1/../../../../arm-none-eabi/lib/thumb/v7-m/nofp/libg_nano.a(libc_a-freer.o)
                                 0x39 (size before relaxing)
 .comment       0x00000038        0x0 /Users/pap/Library/xPacks/@xpack-dev-tools/arm-none-eabi-gcc/15.2.1-1.1.1/.content/bin/../lib/gcc/arm-none-eabi/15.2.1/../../../../arm-none-eabi/lib/thumb/v7-m/nofp/libg_nano.a(libc_a-msizer.o)
                                 0x39 (size before relaxing)
